9repeat
40{
6if
36(
id:i
45>
id:j
37)
40{
id:j
32+
32+
44;
id:sum
33-
33-
44;
41}
7else
id:i
32+
32+
44;
6if
36(
id:i
46<
INT:5
52
52
id:j
46<
INT:10
id:sum
31=
id:sum
32+
id:a
38[
id:i
39]
38[
id:j
39]
34*
id:b
38[
id:i
39]
38[
id:j
39]
44;
7else
5break
44;
41}
id:until
36(
id:sum
45>
31=
INT:100
44;
